Run cmake --build build --parallel
  
[1/218] Automatic MOC and UIC for target qtlockedfile
[2/218] Automatic MOC and UIC for target zlib
[3/218] Automatic MOC and UIC for target lua
[4/218] Building CXX object src/zlib/CMakeFiles/zlib.dir/zlib_autogen/mocs_compilation.cpp.o
[5/218] Building CXX object src/qtlockedfile/CMakeFiles/qtlockedfile.dir/qtlockedfile_autogen/mocs_compilation.cpp.o
[6/218] Building C object src/zlib/CMakeFiles/zlib.dir/compress.c.o
[7/218] Building C object src/zlib/CMakeFiles/zlib.dir/adler32.c.o
[8/218] Building C object src/zlib/CMakeFiles/zlib.dir/gzclose.c.o
[9/218] Building C object src/zlib/CMakeFiles/zlib.dir/crc32.c.o
[10/218] Building C object src/zlib/CMakeFiles/zlib.dir/gzlib.c.o
[11/218] Building C object src/zlib/CMakeFiles/zlib.dir/gzwrite.c.o
[12/218] Building C object src/zlib/CMakeFiles/zlib.dir/gzread.c.o
[13/218] Building C object src/zlib/CMakeFiles/zlib.dir/infback.c.o
[14/218] Building C object src/zlib/CMakeFiles/zlib.dir/inffast.c.o
[15/218] Building C object src/zlib/CMakeFiles/zlib.dir/inftrees.c.o
[16/218] Building C object src/zlib/CMakeFiles/zlib.dir/uncompr.c.o
[17/218] Building C object src/zlib/CMakeFiles/zlib.dir/deflate.c.o
[18/218] Building C object src/zlib/CMakeFiles/zlib.dir/zutil.c.o
[19/218] Building CXX object src/lua/CMakeFiles/lua.dir/lua_autogen/mocs_compilation.cpp.o
[20/218] Building C object src/zlib/CMakeFiles/zlib.dir/trees.c.o
[21/218] Building C object src/zlib/CMakeFiles/zlib.dir/inflate.c.o
[22/218] Building C object src/lua/CMakeFiles/lua.dir/src/lauxlib.c.o
[23/218] Building C object src/lua/CMakeFiles/lua.dir/src/lbaselib.c.o
[24/218] Building C object src/lua/CMakeFiles/lua.dir/src/lbitlib.c.o
[25/218] Building C object src/lua/CMakeFiles/lua.dir/src/lcorolib.c.o
[26/218] Building C object src/lua/CMakeFiles/lua.dir/src/lapi.c.o
[27/218] Building C object src/lua/CMakeFiles/lua.dir/src/lctype.c.o
[28/218] Building C object src/lua/CMakeFiles/lua.dir/src/ldblib.c.o
[29/218] Building C object src/lua/CMakeFiles/lua.dir/src/ldebug.c.o
[30/218] Building C object src/lua/CMakeFiles/lua.dir/src/ldo.c.o
[31/218] Building C object src/lua/CMakeFiles/lua.dir/src/ldump.c.o
[32/218] Building C object src/lua/CMakeFiles/lua.dir/src/lcode.c.o
[33/218] Building C object src/lua/CMakeFiles/lua.dir/src/linit.c.o
[34/218] Building C object src/lua/CMakeFiles/lua.dir/src/lfunc.c.o
[35/218] Building C object src/lua/CMakeFiles/lua.dir/src/liolib.c.o
[36/218] Building C object src/lua/CMakeFiles/lua.dir/src/lgc.c.o
[37/218] Building C object src/lua/CMakeFiles/lua.dir/src/lmem.c.o
[38/218] Building C object src/lua/CMakeFiles/lua.dir/src/lmathlib.c.o
[39/218] Building C object src/lua/CMakeFiles/lua.dir/src/llex.c.o
[40/218] Building C object src/lua/CMakeFiles/lua.dir/src/lopcodes.c.o
[41/218] Building C object src/lua/CMakeFiles/lua.dir/src/lobject.c.o
[42/218] Building C object src/lua/CMakeFiles/lua.dir/src/loadlib.c.o
[43/218] Building C object src/lua/CMakeFiles/lua.dir/src/loslib.c.o
[44/218] Building C object src/lua/CMakeFiles/lua.dir/src/lstate.c.o
[45/218] Building C object src/lua/CMakeFiles/lua.dir/src/lstring.c.o
[46/218] Building C object src/lua/CMakeFiles/lua.dir/src/ltable.c.o
[47/218] Building CXX object src/qtlockedfile/CMakeFiles/qtlockedfile.dir/qtlockedfile.cpp.o
[48/218] Building C object src/lua/CMakeFiles/lua.dir/src/lparser.c.o
[49/218] Building C object src/lua/CMakeFiles/lua.dir/src/lstrlib.c.o
[50/218] Building C object src/lua/CMakeFiles/lua.dir/src/ltm.c.o
[51/218] Building C object src/lua/CMakeFiles/lua.dir/src/ltablib.c.o
[52/218] Building C object src/lua/CMakeFiles/lua.dir/src/lzio.c.o
[53/218] Building C object src/lua/CMakeFiles/lua.dir/src/lundump.c.o
[54/218] Building CXX object src/qtlockedfile/CMakeFiles/qtlockedfile.dir/qtlockedfile_unix.cpp.o
[55/218] Building C object src/lua/CMakeFiles/lua.dir/src/lvm.c.o
[56/218] Linking CXX static library lib/libqtlockedfile.a
[57/218] Linking CXX static library lib/libzlib.a
[58/218] Linking CXX static library lib/liblua.a
[59/218] Automatic MOC and UIC for target tiled
[60/218] Building CXX object src/libtiled/CMakeFiles/tiled.dir/tiled_autogen/mocs_compilation.cpp.o
[61/218] Automatic MOC and UIC for target quazip
[62/218] Building CXX object src/libtiled/CMakeFiles/tiled.dir/gidmapper.cpp.o
[63/218] Building CXX object src/libtiled/CMakeFiles/tiled.dir/layer.cpp.o
[64/218] Building CXX object src/libtiled/CMakeFiles/tiled.dir/compression.cpp.o
[65/218] Building CXX object src/libtiled/CMakeFiles/tiled.dir/imagelayer.cpp.o
[66/218] Building CXX object src/quazip-1.1/quazip/CMakeFiles/quazip.dir/quaadler32.cpp.o
[67/218] Building CXX object src/quazip-1.1/quazip/CMakeFiles/quazip.dir/quazip_autogen/mocs_compilation.cpp.o
[68/218] Building CXX object src/quazip-1.1/quazip/CMakeFiles/quazip.dir/quachecksum32.cpp.o
[69/218] Building CXX object src/libtiled/CMakeFiles/tiled.dir/isometricrenderer.cpp.o
[70/218] Building CXX object src/quazip-1.1/quazip/CMakeFiles/quazip.dir/quacrc32.cpp.o
[71/218] Building CXX object src/quazip-1.1/quazip/CMakeFiles/quazip.dir/qioapi.cpp.o
[72/218] Building CXX object src/quazip-1.1/quazip/CMakeFiles/quazip.dir/JlCompress.cpp.o
[73/218] Building CXX object src/quazip-1.1/quazip/CMakeFiles/quazip.dir/quagzipfile.cpp.o
[74/218] Building CXX object src/quazip-1.1/quazip/CMakeFiles/quazip.dir/quaziodevice.cpp.o
[75/218] Building CXX object src/quazip-1.1/quazip/CMakeFiles/quazip.dir/quazipfileinfo.cpp.o
[76/218] Building C object src/quazip-1.1/quazip/CMakeFiles/quazip.dir/unzip.c.o
[77/218] Building CXX object src/quazip-1.1/quazip/CMakeFiles/quazip.dir/quazipfile.cpp.o
[78/218] Building CXX object src/quazip-1.1/quazip/CMakeFiles/quazip.dir/quazip.cpp.o
[79/218] Building C object src/quazip-1.1/quazip/CMakeFiles/quazip.dir/zip.c.o
[80/218] Building CXX object src/quazip-1.1/quazip/CMakeFiles/quazip.dir/quazipnewinfo.cpp.o
[81/218] Building CXX object src/libtiled/CMakeFiles/tiled.dir/mapobject.cpp.o
[82/218] Building CXX object src/libtiled/CMakeFiles/tiled.dir/maprenderer.cpp.o
[83/218] Building CXX object src/quazip-1.1/quazip/CMakeFiles/quazip.dir/quazipdir.cpp.o
[84/218] Building CXX object src/libtiled/CMakeFiles/tiled.dir/objectgroup.cpp.o
[85/218] Building CXX object src/libtiled/CMakeFiles/tiled.dir/properties.cpp.o
[86/218] Building C object src/libtiled/CMakeFiles/tiled.dir/texture_atlas.c.o
[87/218] Building CXX object src/libtiled/CMakeFiles/tiled.dir/mapreader.cpp.o
[88/218] Building CXX object src/libtiled/CMakeFiles/tiled.dir/mapwriter.cpp.o
[89/218] Building CXX object src/libtiled/CMakeFiles/tiled.dir/orthogonalrenderer.cpp.o
[90/218] Building CXX object src/libtiled/CMakeFiles/tiled.dir/staggeredrenderer.cpp.o
[91/218] Building CXX object src/libtiled/CMakeFiles/tiled.dir/map.cpp.o
[92/218] Linking CXX static library lib/libquazip.a
[93/218] Building CXX object src/libtiled/CMakeFiles/tiled.dir/tile.cpp.o
[94/218] Building CXX object src/libtiled/CMakeFiles/tiled.dir/tilelayer.cpp.o
[95/218] Building CXX object src/libtiled/CMakeFiles/tiled.dir/tileset.cpp.o
[96/218] Building CXX object src/libtiled/CMakeFiles/tiled.dir/ztilelayergroup.cpp.o
[97/218] Building CXX object src/libtiled/CMakeFiles/tiled.dir/zlevelrenderer.cpp.o
[98/218] Linking CXX static library lib/libtiled.a
[99/218] Automatic MOC and UIC for target PZWorldEd
[100/218] Automatic RCC for editor.qrc
[101/218] Building CXX object src/editor/CMakeFiles/PZWorldEd.dir/exportlotsprogressdialog.cpp.o
[102/218] Building CXX object src/editor/CMakeFiles/PZWorldEd.dir/ImageProcessor.cpp.o
[103/218] Building CXX object src/editor/CMakeFiles/PZWorldEd.dir/generatelotsfailuredialog.cpp.o
[104/218] Building CXX object src/editor/CMakeFiles/PZWorldEd.dir/main.cpp.o
[105/218] Building CXX object src/editor/CMakeFiles/PZWorldEd.dir/biomemapgeneratorDialog.cpp.o
[106/218] Building CXX object src/editor/CMakeFiles/PZWorldEd.dir/loadthumbnailsdialog.cpp.o
[107/218] Building CXX object src/editor/CMakeFiles/PZWorldEd.dir/logger.cpp.o
[108/218] Building CXX object src/editor/CMakeFiles/PZWorldEd.dir/InGameMap/ingamemapcell.cpp.o
[109/218] Building CXX object src/editor/CMakeFiles/PZWorldEd.dir/InGameMap/clipper.cpp.o
[110/218] Building CXX object src/editor/CMakeFiles/PZWorldEd.dir/InGameMap/ingamemapdock.cpp.o
[111/218] Building CXX object src/editor/CMakeFiles/PZWorldEd.dir/InGameMap/ingamemapimagepyramidwindow.cpp.o
[112/218] Building CXX object src/editor/CMakeFiles/PZWorldEd.dir/PZWorldEd_autogen/mocs_compilation.cpp.o
[113/218] Building CXX object src/editor/CMakeFiles/PZWorldEd.dir/InGameMap/ingamemappropertiesform.cpp.o
[114/218] Building CXX object src/editor/CMakeFiles/PZWorldEd.dir/InGameMap/ingamemappropertydialog.cpp.o
[115/218] Building CXX object src/editor/CMakeFiles/PZWorldEd.dir/InGameMap/ingamemapreader.cpp.o
[116/218] Building CXX object src/editor/CMakeFiles/PZWorldEd.dir/InGameMap/ingamemapfeaturegenerator.cpp.o
/home/runner/work/WorldEdb42/WorldEdb42/src/editor/InGameMap/ingamemapfeaturegenerator.cpp: In member function ‘bool InGameMapFeatureGenerator::generateWorld(WorldDocument*, InGameMapFeatureGenerator::GenerateMode, InGameMapFeatureGenerator::FeatureType)’:
/home/runner/work/WorldEdb42/WorldEdb42/src/editor/InGameMap/ingamemapfeaturegenerator.cpp:102:30: warning: ‘bool QWidget::isTopLevel() const’ is deprecated: Use isWindow() [-Wdeprecated-declarations]
  102 |             msgBox.isTopLevel();
      |             ~~~~~~~~~~~~~~~~~^~
In file included from /usr/include/x86_64-linux-gnu/qt6/QtWidgets/qdialog.h:44,
                 from /usr/include/x86_64-linux-gnu/qt6/QtWidgets/QDialog:1,
                 from /home/runner/work/WorldEdb42/WorldEdb42/src/editor/generatelotsfailuredialog.h:4,
                 from /home/runner/work/WorldEdb42/WorldEdb42/src/editor/InGameMap/ingamemapfeaturegenerator.cpp:20:
/usr/include/x86_64-linux-gnu/qt6/QtWidgets/qwidget.h:769:13: note: declared here
  769 | inline bool QWidget::isTopLevel() const
      |             ^~~~~~~
/home/runner/work/WorldEdb42/WorldEdb42/src/editor/InGameMap/ingamemapfeaturegenerator.cpp:121:26: warning: ‘bool QWidget::isTopLevel() const’ is deprecated: Use isWindow() [-Wdeprecated-declarations]
  121 |         msgBox.isTopLevel();
      |         ~~~~~~~~~~~~~~~~~^~
In file included from /usr/include/x86_64-linux-gnu/qt6/QtWidgets/qdialog.h:44,
                 from /usr/include/x86_64-linux-gnu/qt6/QtWidgets/QDialog:1,
                 from /home/runner/work/WorldEdb42/WorldEdb42/src/editor/generatelotsfailuredialog.h:4,
                 from /home/runner/work/WorldEdb42/WorldEdb42/src/editor/InGameMap/ingamemapfeaturegenerator.cpp:20:
/usr/include/x86_64-linux-gnu/qt6/QtWidgets/qwidget.h:769:13: note: declared here
  769 | inline bool QWidget::isTopLevel() const
      |             ^~~~~~~
[117/218] Building CXX object src/editor/CMakeFiles/PZWorldEd.dir/lotfilesmanager256.cpp.o
[118/218] Building CXX object src/editor/CMakeFiles/PZWorldEd.dir/InGameMap/ingamemapundo.cpp.o
[119/218] Building CXX object src/editor/CMakeFiles/PZWorldEd.dir/InGameMap/ingamemapwriter.cpp.o
[120/218] Building CXX object src/editor/CMakeFiles/PZWorldEd.dir/mainwindow.cpp.o
[121/218] Building CXX object src/editor/CMakeFiles/PZWorldEd.dir/navigation/chunkdatafile256.cpp.o
[122/218] Building CXX object src/editor/CMakeFiles/PZWorldEd.dir/InGameMap/ingamemapwriterbinary.cpp.o
[123/218] Building CXX object src/editor/CMakeFiles/PZWorldEd.dir/navigation/isogridsquare256.cpp.o
[124/218] Building CXX object src/editor/CMakeFiles/PZWorldEd.dir/InGameMap/ingamemapscene.cpp.o
[125/218] Building CXX object src/editor/CMakeFiles/PZWorldEd.dir/world.cpp.o
[126/218] Building CXX object src/editor/CMakeFiles/PZWorldEd.dir/worldview.cpp.o
[127/218] Building CXX object src/editor/CMakeFiles/PZWorldEd.dir/cellview.cpp.o
[128/218] Building CXX object src/editor/CMakeFiles/PZWorldEd.dir/tilesetstxtfile.cpp.o
/home/runner/work/WorldEdb42/WorldEdb42/src/editor/tilesetstxtfile.cpp: In member function ‘bool TilesetsTxtFile::read(const QString&)’:
/home/runner/work/WorldEdb42/WorldEdb42/src/editor/tilesetstxtfile.cpp:133:38: warning: ‘T* QScopedPointer<T, Cleanup>::take() [with T = TilesetsTxtFile::Tileset; Cleanup = QScopedPointerDeleter<TilesetsTxtFile::Tileset>]’ is deprecated: Use std::unique_ptr instead, and call release(). [-Wdeprecated-declarations]
  133 |             mTilesets += tileset.take();
      |                          ~~~~~~~~~~~~^~
In file included from /usr/include/x86_64-linux-gnu/qt6/QtCore/qobject.h:53,
                 from /usr/include/x86_64-linux-gnu/qt6/QtCore/QObject:1,
                 from /home/runner/work/WorldEdb42/WorldEdb42/src/editor/tilesetstxtfile.h:4,
                 from /home/runner/work/WorldEdb42/WorldEdb42/src/editor/tilesetstxtfile.cpp:1:
/usr/include/x86_64-linux-gnu/qt6/QtCore/qscopedpointer.h:165:8: note: declared here
  165 |     T *take() noexcept
      |        ^~~~
[129/218] Building CXX object src/editor/CMakeFiles/PZWorldEd.dir/worldcell.cpp.o
[130/218] Building CXX object src/editor/CMakeFiles/PZWorldEd.dir/document.cpp.o
[131/218] Building CXX object src/editor/CMakeFiles/PZWorldEd.dir/worldscene.cpp.o
[132/218] Building CXX object src/editor/CMakeFiles/PZWorldEd.dir/documentmanager.cpp.o
[133/218] Building CXX object src/editor/CMakeFiles/PZWorldEd.dir/celldocument.cpp.o
[134/218] Building CXX object src/editor/CMakeFiles/PZWorldEd.dir/worlddocument.cpp.o
[135/218] Building CXX object src/editor/CMakeFiles/PZWorldEd.dir/mapsdock.cpp.o
[136/218] Building CXX object src/editor/CMakeFiles/PZWorldEd.dir/preferences.cpp.o
[137/218] Building CXX object src/editor/CMakeFiles/PZWorldEd.dir/undodock.cpp.o
[138/218] Building CXX object src/editor/CMakeFiles/PZWorldEd.dir/undoredo.cpp.o
[139/218] Building CXX object src/editor/CMakeFiles/PZWorldEd.dir/basegraphicsview.cpp.o
/home/runner/work/WorldEdb42/WorldEdb42/src/editor/basegraphicsview.cpp: In member function ‘virtual void BaseGraphicsView::mouseMoveEvent(QMouseEvent*)’:
/home/runner/work/WorldEdb42/WorldEdb42/src/editor/basegraphicsview.cpp:252:42: warning: ‘QPoint QMouseEvent::globalPos() const’ is deprecated: Use globalPosition() [-Wdeprecated-declarations]
  252 |         const QPoint d = event->globalPos() - mLastMouseGlobalPos;
      |                          ~~~~~~~~~~~~~~~~^~
In file included from /usr/include/x86_64-linux-gnu/qt6/QtGui/QMouseEvent:1,
                 from /home/runner/work/WorldEdb42/WorldEdb42/src/editor/basegraphicsview.cpp:32:
/usr/include/x86_64-linux-gnu/qt6/QtGui/qevent.h:259:19: note: declared here
  259 |     inline QPoint globalPos() const { return globalPosition().toPoint(); }
      |                   ^~~~~~~~~
/home/runner/work/WorldEdb42/WorldEdb42/src/editor/basegraphicsview.cpp:256:47: warning: ‘QPoint QMouseEvent::globalPos() const’ is deprecated: Use globalPosition() [-Wdeprecated-declarations]
  256 |         mLastMouseGlobalPos = event->globalPos();
      |                               ~~~~~~~~~~~~~~~~^~
In file included from /usr/include/x86_64-linux-gnu/qt6/QtGui/QMouseEvent:1,
                 from /home/runner/work/WorldEdb42/WorldEdb42/src/editor/basegraphicsview.cpp:32:
/usr/include/x86_64-linux-gnu/qt6/QtGui/qevent.h:259:19: note: declared here
  259 |     inline QPoint globalPos() const { return globalPosition().toPoint(); }
      |                   ^~~~~~~~~
/home/runner/work/WorldEdb42/WorldEdb42/src/editor/basegraphicsview.cpp:300:43: warning: ‘QPoint QMouseEvent::globalPos() const’ is deprecated: Use globalPosition() [-Wdeprecated-declarations]
  300 |     mLastMouseGlobalPos = event->globalPos();
      |                           ~~~~~~~~~~~~~~~~^~
In file included from /usr/include/x86_64-linux-gnu/qt6/QtGui/QMouseEvent:1,
                 from /home/runner/work/WorldEdb42/WorldEdb42/src/editor/basegraphicsview.cpp:32:
/usr/include/x86_64-linux-gnu/qt6/QtGui/qevent.h:259:19: note: declared here
  259 |     inline QPoint globalPos() const { return globalPosition().toPoint(); }
      |                   ^~~~~~~~~
[140/218] Building CXX object src/editor/CMakeFiles/PZWorldEd.dir/mapcomposite.cpp.o
[141/218] Building CXX object src/editor/CMakeFiles/PZWorldEd.dir/mapimagemanager.cpp.o
/home/runner/work/WorldEdb42/WorldEdb42/src/editor/mapimagemanager.cpp: In member function ‘MapImageManager::ImageData MapImageManager::generateMapImage(const QString&, bool)’:
/home/runner/work/WorldEdb42/WorldEdb42/src/editor/mapimagemanager.cpp:278:24: warning: NULL used in arithmetic [-Wpointer-arith]
  278 |     if (IMAGE_WIDTH == NULL) IMAGE_WIDTH = 512;
      |                        ^~~~
[142/218] Building CXX object src/editor/CMakeFiles/PZWorldEd.dir/progress.cpp.o
[143/218] Building CXX object src/editor/CMakeFiles/PZWorldEd.dir/zoomable.cpp.o
[144/218] Building CXX object src/editor/CMakeFiles/PZWorldEd.dir/mapmanager.cpp.o
[145/218] Building CXX object src/editor/CMakeFiles/PZWorldEd.dir/worldwriter.cpp.o
[146/218] Building CXX object src/editor/CMakeFiles/PZWorldEd.dir/worldreader.cpp.o
[147/218] Building CXX object src/editor/CMakeFiles/PZWorldEd.dir/propertydefinitionsdialog.cpp.o
[148/218] Building CXX object src/editor/CMakeFiles/PZWorldEd.dir/cellscene.cpp.o
[149/218] Building CXX object src/editor/CMakeFiles/PZWorldEd.dir/propertiesdock.cpp.o
[150/218] Building CXX object src/editor/CMakeFiles/PZWorldEd.dir/basegraphicsscene.cpp.o
[151/218] Building CXX object src/editor/CMakeFiles/PZWorldEd.dir/worldcellobject.cpp.o
[152/218] Building CXX object src/editor/CMakeFiles/PZWorldEd.dir/templatesdialog.cpp.o
[153/218] Building CXX object src/editor/CMakeFiles/PZWorldEd.dir/objecttypesdialog.cpp.o
[154/218] Building CXX object src/editor/CMakeFiles/PZWorldEd.dir/toolmanager.cpp.o
[155/218] Building CXX object src/editor/CMakeFiles/PZWorldEd.dir/properties.cpp.o
[156/218] Building CXX object src/editor/CMakeFiles/PZWorldEd.dir/lotsdock.cpp.o
[157/218] Building CXX object src/editor/CMakeFiles/PZWorldEd.dir/luatablewriter.cpp.o
[158/218] Building CXX object src/editor/CMakeFiles/PZWorldEd.dir/scenetools.cpp.o
[159/218] Building CXX object src/editor/CMakeFiles/PZWorldEd.dir/luawriter.cpp.o
[160/218] Building CXX object src/editor/CMakeFiles/PZWorldEd.dir/layersmodel.cpp.o
[161/218] Building CXX object src/editor/CMakeFiles/PZWorldEd.dir/objectsdock.cpp.o
[162/218] Building CXX object src/editor/CMakeFiles/PZWorldEd.dir/objectgroupsdialog.cpp.o
[163/218] Building CXX object src/editor/CMakeFiles/PZWorldEd.dir/colorbutton.cpp.o
[164/218] Building CXX object src/editor/CMakeFiles/PZWorldEd.dir/layersdock.cpp.o
[165/218] Building CXX object src/editor/CMakeFiles/PZWorldEd.dir/preferencesdialog.cpp.o
[166/218] Building CXX object src/editor/CMakeFiles/PZWorldEd.dir/clipboard.cpp.o
[167/218] Building CXX object src/editor/CMakeFiles/PZWorldEd.dir/road.cpp.o
[168/218] Building CXX object src/editor/CMakeFiles/PZWorldEd.dir/simplefile.cpp.o
[169/218] Building CXX object src/editor/CMakeFiles/PZWorldEd.dir/copypastedialog.cpp.o
[170/218] Building CXX object src/editor/CMakeFiles/PZWorldEd.dir/roadsdock.cpp.o
[171/218] Building CXX object src/editor/CMakeFiles/PZWorldEd.dir/bmptotmxdialog.cpp.o
[172/218] Building CXX object src/editor/CMakeFiles/PZWorldEd.dir/filesystemwatcher.cpp.o
[173/218] Building CXX object src/editor/CMakeFiles/PZWorldEd.dir/generatelotsdialog.cpp.o
[174/218] Building CXX object src/editor/CMakeFiles/PZWorldEd.dir/newworlddialog.cpp.o
[175/218] Building CXX object src/editor/CMakeFiles/PZWorldEd.dir/bmptotmxconfirmdialog.cpp.o
[176/218] Building CXX object src/editor/CMakeFiles/PZWorldEd.dir/lotfilesmanager.cpp.o
[177/218] Building CXX object src/editor/CMakeFiles/PZWorldEd.dir/resizeworlddialog.cpp.o
[178/218] Building CXX object src/editor/CMakeFiles/PZWorldEd.dir/bmptotmx.cpp.o
[179/218] Building CXX object src/editor/CMakeFiles/PZWorldEd.dir/BuildingEditor/buildingtmx.cpp.o
[180/218] Building CXX object src/editor/CMakeFiles/PZWorldEd.dir/tilesetmanager.cpp.o
[181/218] Building CXX object src/editor/CMakeFiles/PZWorldEd.dir/BuildingEditor/buildingobjects.cpp.o
[182/218] Building CXX object src/editor/CMakeFiles/PZWorldEd.dir/BuildingEditor/furnituregroups.cpp.o
[183/218] Building CXX object src/editor/CMakeFiles/PZWorldEd.dir/tilemetainfomgr.cpp.o
[184/218] Building CXX object src/editor/CMakeFiles/PZWorldEd.dir/BuildingEditor/buildingtiles.cpp.o
[185/218] Building CXX object src/editor/CMakeFiles/PZWorldEd.dir/BuildingEditor/buildingroomdef.cpp.o
[186/218] Building CXX object src/editor/CMakeFiles/PZWorldEd.dir/BuildingEditor/buildingmap.cpp.o
[187/218] Building CXX object src/editor/CMakeFiles/PZWorldEd.dir/BuildingEditor/building.cpp.o
In file included from /home/runner/work/WorldEdb42/WorldEdb42/src/libtiled/tiled_global.h:32,
                 from /home/runner/work/WorldEdb42/WorldEdb42/src/libtiled/properties.h:32,
                 from /home/runner/work/WorldEdb42/WorldEdb42/src/editor/BuildingEditor/building.h:21,
                 from /home/runner/work/WorldEdb42/WorldEdb42/src/editor/BuildingEditor/building.cpp:18:
/home/runner/work/WorldEdb42/WorldEdb42/src/editor/BuildingEditor/building.cpp: In constructor ‘BuildingEditor::Building::Building(int, int, BuildingEditor::BuildingTemplate*)’:
/home/runner/work/WorldEdb42/WorldEdb42/src/editor/BuildingEditor/building.cpp:35:24: warning: comparison between ‘enum BuildingEditor::Building::Tiles’ and ‘enum BuildingEditor::BuildingTemplate::Tiles’ [-Wenum-compare]
   35 |     Q_ASSERT(TileCount == BuildingTemplate::TileCount);
      |              ~~~~~~~~~~^~~~~~~~~~~~~~~~~~~~~~~~~~~~~~
[188/218] Building CXX object src/editor/CMakeFiles/PZWorldEd.dir/BuildingEditor/buildingwriter.cpp.o
[189/218] Building CXX object src/editor/CMakeFiles/PZWorldEd.dir/BuildingEditor/roofhiding.cpp.o
[190/218] Building CXX object src/editor/CMakeFiles/PZWorldEd.dir/BuildingEditor/buildingfloor.cpp.o
[191/218] Building CXX object src/editor/CMakeFiles/PZWorldEd.dir/threads.cpp.o
[192/218] Building CXX object src/editor/CMakeFiles/PZWorldEd.dir/BuildingEditor/buildingreader.cpp.o
[193/218] Building CXX object src/editor/CMakeFiles/PZWorldEd.dir/unknowncolorsdialog.cpp.o
[194/218] Building CXX object src/editor/CMakeFiles/PZWorldEd.dir/BuildingEditor/buildingtemplates.cpp.o
In file included from /usr/include/x86_64-linux-gnu/qt6/QtCore/qpair.h:43,
                 from /usr/include/x86_64-linux-gnu/qt6/QtCore/qarraydata.h:44,
                 from /usr/include/x86_64-linux-gnu/qt6/QtCore/qarraydataops.h:44,
                 from /usr/include/x86_64-linux-gnu/qt6/QtCore/qarraydatapointer.h:43,
                 from /usr/include/x86_64-linux-gnu/qt6/QtCore/qlist.h:44,
                 from /usr/include/x86_64-linux-gnu/qt6/QtCore/QList:1,
                 from /home/runner/work/WorldEdb42/WorldEdb42/src/editor/BuildingEditor/buildingtemplates.h:21,
                 from /home/runner/work/WorldEdb42/WorldEdb42/src/editor/BuildingEditor/buildingtemplates.cpp:18:
/home/runner/work/WorldEdb42/WorldEdb42/src/editor/BuildingEditor/buildingtemplates.cpp: In constructor ‘BuildingEditor::BuildingTemplate::BuildingTemplate()’:
/home/runner/work/WorldEdb42/WorldEdb42/src/editor/BuildingEditor/buildingtemplates.cpp:680:24: warning: comparison between ‘enum BuildingEditor::BuildingTemplate::Tiles’ and ‘enum BuildingEditor::Building::Tiles’ [-Wenum-compare]
  680 |     Q_ASSERT(TileCount == Building::TileCount);
      |              ~~~~~~~~~~^~~~~~~~~~~~~~~~~~~~~~
[195/218] Building CXX object src/editor/CMakeFiles/PZWorldEd.dir/fromtodialog.cpp.o
[196/218] Building CXX object src/editor/CMakeFiles/PZWorldEd.dir/gotodialog.cpp.o
[197/218] Building CXX object src/editor/CMakeFiles/PZWorldEd.dir/chunkmap.cpp.o
[198/218] Building CXX object src/editor/CMakeFiles/PZWorldEd.dir/propertyenumdialog.cpp.o
[199/218] Building CXX object src/editor/CMakeFiles/PZWorldEd.dir/spawntooldialog.cpp.o
[200/218] Building CXX object src/editor/CMakeFiles/PZWorldEd.dir/lotpackwindow.cpp.o
[201/218] Building CXX object src/editor/CMakeFiles/PZWorldEd.dir/writespawnpointsdialog.cpp.o
[202/218] Building CXX object src/editor/CMakeFiles/PZWorldEd.dir/tiledeffile.cpp.o
[203/218] Building CXX object src/editor/CMakeFiles/PZWorldEd.dir/pngbuildingdialog.cpp.o
[204/218] Building CXX object src/editor/CMakeFiles/PZWorldEd.dir/mapbuildings.cpp.o
[205/218] Building CXX object src/editor/CMakeFiles/PZWorldEd.dir/writeworldobjectsdialog.cpp.o
[206/218] Building CXX object src/editor/CMakeFiles/PZWorldEd.dir/bmpblender.cpp.o
[207/218] Building CXX object src/editor/CMakeFiles/PZWorldEd.dir/tmxtobmp.cpp.o
[208/218] Building CXX object src/editor/CMakeFiles/PZWorldEd.dir/tmxtobmpdialog.cpp.o
[209/218] Building CXX object src/editor/CMakeFiles/PZWorldEd.dir/navigation/isochunk.cpp.o
[210/218] Building CXX object src/editor/CMakeFiles/PZWorldEd.dir/navigation/isogridsquare.cpp.o
[211/218] Building CXX object src/editor/CMakeFiles/PZWorldEd.dir/lootwindow.cpp.o
[212/218] Building CXX object src/editor/CMakeFiles/PZWorldEd.dir/sceneoverlay.cpp.o
[213/218] Building CXX object src/editor/CMakeFiles/PZWorldEd.dir/PZWorldEd_autogen/EWIEGA46WW/qrc_editor.cpp.o
[214/218] Building CXX object src/editor/CMakeFiles/PZWorldEd.dir/navigation/chunkdatafile.cpp.o
[215/218] Building CXX object src/editor/CMakeFiles/PZWorldEd.dir/waterflow.cpp.o
[216/218] Building CXX object src/editor/CMakeFiles/PZWorldEd.dir/searchdock.cpp.o
[217/218] Building CXX object src/editor/CMakeFiles/PZWorldEd.dir/defaultsfile.cpp.o